 zlibwapi

 Timestamp is 5c478010 (Tue Jan 22 13:41:52 2019)

 Preferred load address is 10000000

 Start         Length     Name                   Class
 0001:00000000 00010259H .text$mn                CODE
 0002:00000000 0000010cH .idata$5                DATA
 0002:0000010c 00000004H .00cfg                  DATA
 0002:00000110 00000004H .CRT$XCA                DATA
 0002:00000114 00000004H .CRT$XCZ                DATA
 0002:00000118 00000004H .CRT$XIA                DATA
 0002:0000011c 00000004H .CRT$XIZ                DATA
 0002:00000120 00000004H .CRT$XPA                DATA
 0002:00000124 00000004H .CRT$XPZ                DATA
 0002:00000128 00000004H .CRT$XTA                DATA
 0002:0000012c 00000004H .CRT$XTZ                DATA
 0002:00000130 00000000H .gfids$y                DATA
 0002:00000130 00004220H .rdata                  DATA
 0002:00004350 00000004H .rdata$sxdata           DATA
 0002:00004354 000002ccH .rdata$zzzdbg           DATA
 0002:00004620 00000004H .rtc$IAA                DATA
 0002:00004624 00000004H .rtc$IZZ                DATA
 0002:00004628 00000004H .rtc$TAA                DATA
 0002:0000462c 00000004H .rtc$TZZ                DATA
 0002:00004630 00000080H .xdata$x                DATA
 0002:000046b0 00000ba0H .edata                  DATA
 0002:00005250 0000008cH .idata$2                DATA
 0002:000052dc 00000014H .idata$3                DATA
 0002:000052f0 0000010cH .idata$4                DATA
 0002:000053fc 0000049cH .idata$6                DATA
 0003:00000000 00000060H .data                   DATA
 0003:00000060 00000388H .bss                    DATA
 0004:00000000 00000060H .rsrc$01                DATA
 0004:00000060 00000330H .rsrc$02                DATA

  Address         Publics by Value              Rva+Base       Lib:Object

 0000:00000000       ___enclave_config          00000000     <absolute>
 0000:00000000       ___guard_longjmp_count     00000000     <absolute>
 0000:00000000       ___hybrid_code_map         00000000     <absolute>
 0000:00000000       ___guard_iat_table         00000000     <absolute>
 0000:00000000       ___hybrid_code_map_count   00000000     <absolute>
 0000:00000000       ___volatile_metadata       00000000     <absolute>
 0000:00000000       ___guard_fids_table        00000000     <absolute>
 0000:00000000       ___guard_longjmp_table     00000000     <absolute>
 0000:00000000       ___dynamic_value_reloc_table 00000000     <absolute>
 0000:00000000       ___guard_iat_count         00000000     <absolute>
 0000:00000000       ___hybrid_auxiliary_iat    00000000     <absolute>
 0000:00000000       ___guard_fids_count        00000000     <absolute>
 0000:00000001       ___safe_se_handler_count   00000001     <absolute>
 0000:00000100       ___guard_flags             00000100     <absolute>
 0000:00000000       ___ImageBase               10000000     <linker-defined>
 0001:00000000       _adler32@12                10001000 f   adler32.obj
 0001:00000330       _adler32_combine@12        10001330 f   adler32.obj
 0001:00000350       _compress2@20              10001350 f   compress.obj
 0001:00000400       _compress@16               10001400 f   compress.obj
 0001:00000420       _compressBound@4           10001420 f   compress.obj
 0001:00000440       _get_crc_table@0           10001440 f   crc32.obj
 0001:00000450       _crc32@12                  10001450 f   crc32.obj
 0001:00000b10       _crc32_combine@12          10001b10 f   crc32.obj
 0001:00000b30       _deflateInit_@16           10001b30 f   deflate.obj
 0001:00000b50       _deflateInit2_@32          10001b50 f   deflate.obj
 0001:00000d80       _deflateSetDictionary@12   10001d80 f   deflate.obj
 0001:00000e90       _deflateReset@4            10001e90 f   deflate.obj
 0001:00000f50       _deflateSetHeader@8        10001f50 f   deflate.obj
 0001:00000f80       _deflatePrime@12           10001f80 f   deflate.obj
 0001:00000fd0       _deflateParams@12          10001fd0 f   deflate.obj
 0001:000010b0       _deflateTune@20            100020b0 f   deflate.obj
 0001:00001100       _deflateBound@8            10002100 f   deflate.obj
 0001:00001270       _deflate@8                 10002270 f   deflate.obj
 0001:00001ac0       _deflateEnd@4              10002ac0 f   deflate.obj
 0001:00001b90       _deflateCopy@8             10002b90 f   deflate.obj
 0001:00002cc0       _gzclose@4                 10003cc0 f   gzclose.obj
 0001:00002cf0       ___local_stdio_printf_options 10003cf0 f i gzlib.obj
 0001:00002d00       __vsnprintf_l              10003d00 f i gzlib.obj
 0001:00002d30       __vsprintf_l               10003d30 f i gzlib.obj
 0001:00002d60       _sprintf                   10003d60 f i gzlib.obj
 0001:00003030       _gzopen@8                  10004030 f   gzlib.obj
 0001:00003050       _gzdopen@8                 10004050 f   gzlib.obj
 0001:000030b0       _gzbuffer@8                100040b0 f   gzlib.obj
 0001:000030f0       _gzrewind@4                100040f0 f   gzlib.obj
 0001:00003140       _gzseek64@12               10004140 f   gzlib.obj
 0001:00003270       _gzseek@12                 10004270 f   gzlib.obj
 0001:00003290       _gztell64@4                10004290 f   gzlib.obj
 0001:000032c0       _gztell@4                  100042c0 f   gzlib.obj
 0001:000032d0       _gzoffset64@4              100042d0 f   gzlib.obj
 0001:00003310       _gzoffset@4                10004310 f   gzlib.obj
 0001:00003320       _gzeof@4                   10004320 f   gzlib.obj
 0001:00003360       _gzerror@8                 10004360 f   gzlib.obj
 0001:000033a0       _gzclearerr@4              100043a0 f   gzlib.obj
 0001:000033f0       _gz_error                  100043f0 f   gzlib.obj
 0001:00003d60       _gzread@12                 10004d60 f   gzread.obj
 0001:00003ea0       _gzgetc@4                  10004ea0 f   gzread.obj
 0001:00003f00       _gzungetc@8                10004f00 f   gzread.obj
 0001:00004000       _gzgets@12                 10005000 f   gzread.obj
 0001:00004100       _gzdirect@4                10005100 f   gzread.obj
 0001:00004140       _gzclose_r@4               10005140 f   gzread.obj
 0001:000041b0       __vsnprintf                100051b0 f i gzwrite.obj
 0001:00004450       _gzwrite@12                10005450 f   gzwrite.obj
 0001:00004570       _gzputc@8                  10005570 f   gzwrite.obj
 0001:00004610       _gzputs@8                  10005610 f   gzwrite.obj
 0001:00004650       _gzprintf                  10005650 f   gzwrite.obj
 0001:00004720       _gzflush@8                 10005720 f   gzwrite.obj
 0001:00004780       _gzsetparams@12            10005780 f   gzwrite.obj
 0001:00004830       _gzclose_w@4               10005830 f   gzwrite.obj
 0001:000048c0       _inflateBackInit_@20       100058c0 f   infback.obj
 0001:000049c0       _inflateBack@20            100059c0 f   infback.obj
 0001:000057d0       _inflateBackEnd@4          100067d0 f   infback.obj
 0001:00005810       _inflate_fast              10006810 f   inffast.obj
 0001:00005c60       _inflateReset@4            10006c60 f   inflate.obj
 0001:00005d20       _inflateReset2@8           10006d20 f   inflate.obj
 0001:00005da0       _inflateInit2_@16          10006da0 f   inflate.obj
 0001:00005e60       _inflateInit_@12           10006e60 f   inflate.obj
 0001:00005e80       _inflatePrime@12           10006e80 f   inflate.obj
 0001:00006020       _inflate@8                 10007020 f   inflate.obj
 0001:00007740       _inflateEnd@4              10008740 f   inflate.obj
 0001:00007790       _inflateSetDictionary@12   10008790 f   inflate.obj
 0001:00007870       _inflateGetHeader@8        10008870 f   inflate.obj
 0001:00007930       _inflateSync@4             10008930 f   inflate.obj
 0001:00007a20       _inflateSyncPoint@4        10008a20 f   inflate.obj
 0001:00007a60       _inflateCopy@8             10008a60 f   inflate.obj
 0001:00007bc0       _inflateUndermine@8        10008bc0 f   inflate.obj
 0001:00007bf0       _inflateMark@4             10008bf0 f   inflate.obj
 0001:00007c60       _inflate_table             10008c60 f   inftrees.obj
 0001:000080d0       _call_zopen64              100090d0 f   ioapi.obj
 0001:000080f0       _call_zseek64              100090f0 f   ioapi.obj
 0001:00008140       _call_ztell64              10009140 f   ioapi.obj
 0001:00008170       _fill_zlib_filefunc64_32_def_from_filefunc32 10009170 f   ioapi.obj
 0001:000083c0       _fill_fopen64_filefunc     100093c0 f   ioapi.obj
 0001:000084b0       _win32_open64_file_func    100094b0 f   iowin32.obj
 0001:00008510       _win32_open64_file_funcA   10009510 f   iowin32.obj
 0001:00008570       _win32_open64_file_funcW   10009570 f   iowin32.obj
 0001:000085d0       _win32_open_file_func      100095d0 f   iowin32.obj
 0001:00008630       _win32_read_file_func      10009630 f   iowin32.obj
 0001:00008680       _win32_write_file_func     10009680 f   iowin32.obj
 0001:000086d0       _win32_tell_file_func      100096d0 f   iowin32.obj
 0001:00008710       _win32_tell64_file_func    10009710 f   iowin32.obj
 0001:00008780       _win32_seek_file_func      10009780 f   iowin32.obj
 0001:000087f0       _win32_seek64_file_func    100097f0 f   iowin32.obj
 0001:00008860       _win32_close_file_func     10009860 f   iowin32.obj
 0001:000088a0       _win32_error_file_func     100098a0 f   iowin32.obj
 0001:000088c0       _fill_win32_filefunc       100098c0 f   iowin32.obj
 0001:00008900       _fill_win32_filefunc64     10009900 f   iowin32.obj
 0001:00008940       _fill_win32_filefunc64A    10009940 f   iowin32.obj
 0001:00008980       _fill_win32_filefunc64W    10009980 f   iowin32.obj
 0001:000089d0       __tr_init                  100099d0 f   trees.obj
 0001:000099a0       __tr_stored_block          1000a9a0 f   trees.obj
 0001:00009a40       __tr_align                 1000aa40 f   trees.obj
 0001:00009bf0       __tr_flush_block           1000abf0 f   trees.obj
 0001:0000a450       _uncompress@16             1000b450 f   uncompr.obj
 0001:0000a860       _unzStringFileNameCompare@12 1000b860 f   unzip.obj
 0001:0000b100       _unzOpen2@8                1000c100 f   unzip.obj
 0001:0000b150       _unzOpen2_64@8             1000c150 f   unzip.obj
 0001:0000b1b0       _unzOpen@4                 1000c1b0 f   unzip.obj
 0001:0000b1d0       _unzOpen64@4               1000c1d0 f   unzip.obj
 0001:0000b1f0       _unzClose@4                1000c1f0 f   unzip.obj
 0001:0000b230       _unzGetGlobalInfo64@8      1000c230 f   unzip.obj
 0001:0000b260       _unzGetGlobalInfo@8        1000c260 f   unzip.obj
 0001:0000b8c0       _unzGetCurrentFileInfo64@32 1000c8c0 f   unzip.obj
 0001:0000b8f0       _unzGetCurrentFileInfo@32  1000c8f0 f   unzip.obj
 0001:0000b9b0       _unzGoToFirstFile@4        1000c9b0 f   unzip.obj
 0001:0000ba20       _unzGoToNextFile@4         1000ca20 f   unzip.obj
 0001:0000bad0       _unzLocateFile@12          1000cad0 f   unzip.obj
 0001:0000bc80       _unzGetFilePos64@8         1000cc80 f   unzip.obj
 0001:0000bcd0       _unzGetFilePos@8           1000ccd0 f   unzip.obj
 0001:0000bd00       _unzGoToFilePos64@8        1000cd00 f   unzip.obj
 0001:0000bd70       _unzGoToFilePos@8          1000cd70 f   unzip.obj
 0001:0000c010       _unzOpenCurrentFile3@20    1000d010 f   unzip.obj
 0001:0000c290       _unzOpenCurrentFile@4      1000d290 f   unzip.obj
 0001:0000c2b0       _unzOpenCurrentFilePassword@8 1000d2b0 f   unzip.obj
 0001:0000c2d0       _unzOpenCurrentFile2@16    1000d2d0 f   unzip.obj
 0001:0000c2f0       _unzGetCurrentFileZStreamPos64@4 1000d2f0 f   unzip.obj
 0001:0000c330       _unzReadCurrentFile@12     1000d330 f   unzip.obj
 0001:0000c610       _unztell@4                 1000d610 f   unzip.obj
 0001:0000c640       _unztell64@4               1000d640 f   unzip.obj
 0001:0000c670       _unzeof@4                  1000d670 f   unzip.obj
 0001:0000c6b0       _unzGetLocalExtrafield@12  1000d6b0 f   unzip.obj
 0001:0000c780       _unzCloseCurrentFile@4     1000d780 f   unzip.obj
 0001:0000c820       _unzGetGlobalComment@12    1000d820 f   unzip.obj
 0001:0000d440       _LoadCentralDirectoryRecord 1000e440 f   zip.obj
 0001:0000d900       _zipOpen3@16               1000e900 f   zip.obj
 0001:0000da70       _zipOpen2@16               1000ea70 f   zip.obj
 0001:0000dac0       _zipOpen2_64@16            1000eac0 f   zip.obj
 0001:0000db20       _zipOpen@8                 1000eb20 f   zip.obj
 0001:0000db40       _zipOpen64@8               1000eb40 f   zip.obj
 0001:0000db60       _Write_LocalFileHeader     1000eb60 f   zip.obj
 0001:0000dda0       _zipOpenNewFileInZip4_64@76 1000eda0 f   zip.obj
 0001:0000e2d0       _zipOpenNewFileInZip3@64   1000f2d0 f   zip.obj
 0001:0000e320       _zipOpenNewFileInZip3_64@68 1000f320 f   zip.obj
 0001:0000e370       _zipOpenNewFileInZip2@44   1000f370 f   zip.obj
 0001:0000e3b0       _zipOpenNewFileInZip2_64@48 1000f3b0 f   zip.obj
 0001:0000e3f0       _zipOpenNewFileInZip64@44  1000f3f0 f   zip.obj
 0001:0000e430       _zipOpenNewFileInZip@40    1000f430 f   zip.obj
 0001:0000e530       _zipWriteInFileInZip@12    1000f530 f   zip.obj
 0001:0000e650       _zipCloseFileInZipRaw@12   1000f650 f   zip.obj
 0001:0000e670       _zipCloseFileInZipRaw64@16 1000f670 f   zip.obj
 0001:0000eb60       _zipCloseFileInZip@4       1000fb60 f   zip.obj
 0001:0000eb80       _Write_Zip64EndOfCentralDirectoryLocator 1000fb80 f   zip.obj
 0001:0000ec00       _Write_Zip64EndOfCentralDirectoryRecord 1000fc00 f   zip.obj
 0001:0000ed20       _Write_EndOfCentralDirectoryRecord 1000fd20 f   zip.obj
 0001:0000ee50       _Write_GlobalComment       1000fe50 f   zip.obj
 0001:0000eec0       _zipClose@8                1000fec0 f   zip.obj
 0001:0000f040       _zlibVersion@0             10010040 f   zutil.obj
 0001:0000f050       _zlibCompileFlags@0        10010050 f   zutil.obj
 0001:0000f060       _zError@4                  10010060 f   zutil.obj
 0001:0000f080       _zcalloc                   10010080 f   zutil.obj
 0001:0000f0a0       _zcfree                    100100a0 f   zutil.obj
 0001:0000f0b1       _ReadFile@20               100100b1 f   kernel32:KERNEL32.dll
 0001:0000f0b7       _WriteFile@20              100100b7 f   kernel32:KERNEL32.dll
 0001:0000f0bd       _SetFilePointer@16         100100bd f   kernel32:KERNEL32.dll
 0001:0000f0c3       _CreateFileW@28            100100c3 f   kernel32:KERNEL32.dll
 0001:0000f0c9       _GetLastError@0            100100c9 f   kernel32:KERNEL32.dll
 0001:0000f0cf       _CreateFileA@28            100100cf f   kernel32:KERNEL32.dll
 0001:0000f0d5       _CloseHandle@4             100100d5 f   kernel32:KERNEL32.dll
 0001:0000f3fb       __CRT_INIT@12              100103fb f   MSVCRT:dll_dllmain.obj
 0001:0000f404       __DllMainCRTStartup@12     10010404 f   MSVCRT:dll_dllmain.obj
 0001:0000f474       ___security_init_cookie    10010474 f   MSVCRT:gs_support.obj
 0001:0000f4bf       _DllMain@12                100104bf f   MSVCRT:dll_dllmain_stub.obj
 0001:0000f4e1       ?__scrt_initialize_type_info@@YAXXZ 100104e1 f   MSVCRT:tncleanup.obj
 0001:0000f4ed       ?__scrt_uninitialize_type_info@@YAXXZ 100104ed f   MSVCRT:tncleanup.obj
 0001:0000f4f9       ___local_stdio_scanf_options 100104f9 f i MSVCRT:default_local_stdio_options.obj
 0001:0000f4ff       ___scrt_initialize_default_local_stdio_options 100104ff f   MSVCRT:default_local_stdio_options.obj
 0001:0000f51c       ??$__crt_fast_decode_pointer@PAP6AXXZ@@YAPAP6AXXZQAP6AXXZ@Z 1001051c f i MSVCRT:utility.obj
 0001:0000f530       ??$__crt_fast_encode_pointer@PAP6AXXZ@@YAPAP6AXXZQAP6AXXZ@Z 10010530 f i MSVCRT:utility.obj
 0001:0000f54d       ?__crt_rotate_pointer_value@@YAIIH@Z 1001054d f i MSVCRT:utility.obj
 0001:0000f55a       ?configure_argv@__scrt_narrow_argv_policy@@SAHXZ 1001055a f i MSVCRT:utility.obj
 0001:0000f5ab       ?initialize_environment@__scrt_narrow_environment_policy@@SAHXZ 100105ab f i MSVCRT:utility.obj
 0001:0000f5e4       _NtCurrentTeb              100105e4 f i MSVCRT:utility.obj
 0001:0000f5eb       ___scrt_acquire_startup_lock 100105eb f   MSVCRT:utility.obj
 0001:0000f61d       ___scrt_dllmain_after_initialize_c 1001061d f   MSVCRT:utility.obj
 0001:0000f648       ___scrt_dllmain_before_initialize_c 10010648 f   MSVCRT:utility.obj
 0001:0000f656       ___scrt_dllmain_crt_thread_attach 10010656 f   MSVCRT:utility.obj
 0001:0000f675       ___scrt_dllmain_crt_thread_detach 10010675 f   MSVCRT:utility.obj
 0001:0000f682       ___scrt_dllmain_exception_filter 10010682 f   MSVCRT:utility.obj
 0001:0000f6b6       ___scrt_dllmain_uninitialize_c 100106b6 f   MSVCRT:utility.obj
 0001:0000f6d9       ___scrt_dllmain_uninitialize_critical 100106d9 f   MSVCRT:utility.obj
 0001:0000f6e6       ___scrt_initialize_crt     100106e6 f   MSVCRT:utility.obj
 0001:0000f71f       ___scrt_initialize_onexit_tables 1001071f f   MSVCRT:utility.obj
 0001:0000f7c4       ___scrt_is_nonwritable_in_current_image 100107c4 f   MSVCRT:utility.obj
 0001:0000f858       ___scrt_release_startup_lock 10010858 f   MSVCRT:utility.obj
 0001:0000f875       ___scrt_uninitialize_crt   10010875 f   MSVCRT:utility.obj
 0001:0000f89d       __onexit                   1001089d f   MSVCRT:utility.obj
 0001:0000f8d8       _at_quick_exit             100108d8 f   MSVCRT:utility.obj
 0001:0000f909       _atexit                    10010909 f   MSVCRT:utility.obj
 0001:0000f91e       ___scrt_get_dyn_tls_init_callback 1001091e f   MSVCRT:dyn_tls_init.obj
 0001:0000f924       ___scrt_fastfail           10010924 f   MSVCRT:utility_desktop.obj
 0001:0000fa3e       ___scrt_get_show_window_mode 10010a3e f   MSVCRT:utility_desktop.obj
 0001:0000fa6f       ___scrt_initialize_mta     10010a6f f   MSVCRT:utility_desktop.obj
 0001:0000fa74       ___scrt_initialize_winrt   10010a74 f   MSVCRT:utility_desktop.obj
 0001:0000fa77       ___scrt_is_managed_app     10010a77 f   MSVCRT:utility_desktop.obj
 0001:0000faba       ___scrt_set_unhandled_exception_filter 10010aba f   MSVCRT:utility_desktop.obj
 0001:0000fac6       ___scrt_stub_for_initialize_mta 10010ac6 f   MSVCRT:utility_desktop.obj
 0001:0000fac6       ___scrt_exe_initialize_mta 10010ac6 f   MSVCRT:utility_desktop.obj
 0001:0000fac9       ___scrt_unhandled_exception_filter@4 10010ac9 f   MSVCRT:utility_desktop.obj
 0001:0000fb0a       __crt_debugger_hook        10010b0a f   MSVCRT:utility_desktop.obj
 0001:0000fb12       __RTC_Initialize           10010b12 f   MSVCRT:_initsect_.obj
 0001:0000fb3e       __RTC_Terminate            10010b3e f   MSVCRT:_initsect_.obj
 0001:0000fb70       __SEH_prolog4              10010b70 f   MSVCRT:_sehprolg4_.obj
 0001:0000fbb6       __SEH_epilog4              10010bb6 f   MSVCRT:_sehprolg4_.obj
 0001:0000fbcb       __except_handler4          10010bcb f   MSVCRT:_chandler4gs_.obj
 0001:0000fbee       @_guard_check_icall_nop@4  10010bee f i MSVCRT:guard_support.obj
 0001:0000fbef       _ReadNoFence               10010bef f i MSVCRT:guard_support.obj
 0001:0000fbf9       _ReadPointerNoFence        10010bf9 f i MSVCRT:guard_support.obj
 0001:0000fc03       __guard_icall_checks_enforced 10010c03 f i MSVCRT:guard_support.obj
 0001:0000fc15       ___isa_available_init      10010c15 f   MSVCRT:_cpu_disp_.obj
 0001:0000fdac       __get_startup_argv_mode    10010dac f   MSVCRT:argv_mode.obj
 0001:0000fdb0       ___scrt_is_ucrt_dll_in_use 10010db0 f   MSVCRT:ucrt_detection.obj
 0001:0000fdbc       @__security_check_cookie@4 10010dbc f   MSVCRT:_secchk_.obj
 0001:0000fdcd       ___raise_securityfailure   10010dcd f   MSVCRT:gs_report.obj
 0001:0000fdf5       ___report_gsfailure        10010df5 f   MSVCRT:gs_report.obj
 0001:0000feee       ___report_rangecheckfailure 10010eee f   MSVCRT:gs_report.obj
 0001:0000fefa       ___report_securityfailure  10010efa f   MSVCRT:gs_report.obj
 0001:0000ffc8       ___report_securityfailureEx 10010fc8 f   MSVCRT:gs_report.obj
 0001:000100dc       ___std_type_info_destroy_list 100110dc f   vcruntime:VCRUNTIME140.dll
 0001:000100e2       _memset                    100110e2 f   vcruntime:VCRUNTIME140.dll
 0001:000100e8       __except_handler4_common   100110e8 f   vcruntime:VCRUNTIME140.dll
 0001:000100ee       ___stdio_common_vsprintf   100110ee f   ucrt:api-ms-win-crt-stdio-l1-1-0.dll
 0001:000100f4       _free                      100110f4 f   ucrt:api-ms-win-crt-heap-l1-1-0.dll
 0001:000100fa       _malloc                    100110fa f   ucrt:api-ms-win-crt-heap-l1-1-0.dll
 0001:00010100       __errno                    10011100 f   ucrt:api-ms-win-crt-runtime-l1-1-0.dll
 0001:00010106       _strerror                  10011106 f   ucrt:api-ms-win-crt-runtime-l1-1-0.dll
 0001:0001010c       _ftell                     1001110c f   ucrt:api-ms-win-crt-stdio-l1-1-0.dll
 0001:00010112       _ferror                    10011112 f   ucrt:api-ms-win-crt-stdio-l1-1-0.dll
 0001:00010118       _fopen                     10011118 f   ucrt:api-ms-win-crt-stdio-l1-1-0.dll
 0001:0001011e       _fclose                    1001111e f   ucrt:api-ms-win-crt-stdio-l1-1-0.dll
 0001:00010124       _fseek                     10011124 f   ucrt:api-ms-win-crt-stdio-l1-1-0.dll
 0001:0001012a       _fwrite                    1001112a f   ucrt:api-ms-win-crt-stdio-l1-1-0.dll
 0001:00010130       __ftelli64                 10011130 f   ucrt:api-ms-win-crt-stdio-l1-1-0.dll
 0001:00010136       _fread                     10011136 f   ucrt:api-ms-win-crt-stdio-l1-1-0.dll
 0001:0001013c       __fseeki64                 1001113c f   ucrt:api-ms-win-crt-stdio-l1-1-0.dll
 0001:00010142       _srand                     10011142 f   ucrt:api-ms-win-crt-utility-l1-1-0.dll
 0001:00010148       _rand                      10011148 f   ucrt:api-ms-win-crt-utility-l1-1-0.dll
 0001:0001014e       __time64                   1001114e f   ucrt:api-ms-win-crt-time-l1-1-0.dll
 0001:00010154       __initterm                 10011154 f   ucrt:api-ms-win-crt-runtime-l1-1-0.dll
 0001:0001015a       __initterm_e               1001115a f   ucrt:api-ms-win-crt-runtime-l1-1-0.dll
 0001:00010160       __seh_filter_dll           10011160 f   ucrt:api-ms-win-crt-runtime-l1-1-0.dll
 0001:00010166       __configure_narrow_argv    10011166 f   ucrt:api-ms-win-crt-runtime-l1-1-0.dll
 0001:0001016c       __initialize_narrow_environment 1001116c f   ucrt:api-ms-win-crt-runtime-l1-1-0.dll
 0001:00010172       __initialize_onexit_table  10011172 f   ucrt:api-ms-win-crt-runtime-l1-1-0.dll
 0001:00010178       __register_onexit_function 10011178 f   ucrt:api-ms-win-crt-runtime-l1-1-0.dll
 0001:0001017e       __execute_onexit_table     1001117e f   ucrt:api-ms-win-crt-runtime-l1-1-0.dll
 0001:00010184       __crt_atexit               10011184 f   ucrt:api-ms-win-crt-runtime-l1-1-0.dll
 0001:0001018a       __crt_at_quick_exit        1001118a f   ucrt:api-ms-win-crt-runtime-l1-1-0.dll
 0001:00010190       __cexit                    10011190 f   ucrt:api-ms-win-crt-runtime-l1-1-0.dll
 0001:00010196       _terminate                 10011196 f   ucrt:api-ms-win-crt-runtime-l1-1-0.dll
 0001:0001019c       __open                     1001119c f   ucrt:api-ms-win-crt-stdio-l1-1-0.dll
 0001:000101a2       __lseek                    100111a2 f   ucrt:api-ms-win-crt-stdio-l1-1-0.dll
 0001:000101a8       __read                     100111a8 f   ucrt:api-ms-win-crt-stdio-l1-1-0.dll
 0001:000101ae       __close                    100111ae f   ucrt:api-ms-win-crt-stdio-l1-1-0.dll
 0001:000101b4       __write                    100111b4 f   ucrt:api-ms-win-crt-stdio-l1-1-0.dll
 0001:000101ba       _QueryPerformanceCounter@4 100111ba f   kernel32:KERNEL32.dll
 0001:000101c0       _GetCurrentProcessId@0     100111c0 f   kernel32:KERNEL32.dll
 0001:000101c6       _GetCurrentThreadId@0      100111c6 f   kernel32:KERNEL32.dll
 0001:000101cc       _GetSystemTimeAsFileTime@4 100111cc f   kernel32:KERNEL32.dll
 0001:000101d2       _DisableThreadLibraryCalls@4 100111d2 f   kernel32:KERNEL32.dll
 0001:000101d8       _InitializeSListHead@4     100111d8 f   kernel32:KERNEL32.dll
 0001:000101de       _IsDebuggerPresent@0       100111de f   kernel32:KERNEL32.dll
 0001:000101e4       _UnhandledExceptionFilter@4 100111e4 f   kernel32:KERNEL32.dll
 0001:000101ea       _SetUnhandledExceptionFilter@4 100111ea f   kernel32:KERNEL32.dll
 0001:000101f0       _GetStartupInfoW@4         100111f0 f   kernel32:KERNEL32.dll
 0001:000101f6       _IsProcessorFeaturePresent@4 100111f6 f   kernel32:KERNEL32.dll
 0001:000101fc       _GetModuleHandleW@4        100111fc f   kernel32:KERNEL32.dll
 0001:00010202       _GetCurrentProcess@0       10011202 f   kernel32:KERNEL32.dll
 0001:00010208       _TerminateProcess@8        10011208 f   kernel32:KERNEL32.dll
 0001:0001020e       ___vcrt_initialize         1001120e f   MSVCRT:ucrt_stubs.obj
 0001:0001020e       ___scrt_stub_for_acrt_initialize 1001120e f   MSVCRT:ucrt_stubs.obj
 0001:0001020e       ___acrt_initialize         1001120e f   MSVCRT:ucrt_stubs.obj
 0001:00010211       ___acrt_thread_attach      10011211 f   MSVCRT:ucrt_stubs.obj
 0001:00010211       ___scrt_stub_for_acrt_thread_attach 10011211 f   MSVCRT:ucrt_stubs.obj
 0001:00010211       ___vcrt_thread_attach      10011211 f   MSVCRT:ucrt_stubs.obj
 0001:00010214       ___scrt_stub_for_acrt_thread_detach 10011214 f   MSVCRT:ucrt_stubs.obj
 0001:00010214       ___acrt_thread_detach      10011214 f   MSVCRT:ucrt_stubs.obj
 0001:00010214       ___vcrt_thread_detach      10011214 f   MSVCRT:ucrt_stubs.obj
 0001:00010217       ___vcrt_uninitialize       10011217 f   MSVCRT:ucrt_stubs.obj
 0001:00010217       ___acrt_uninitialize       10011217 f   MSVCRT:ucrt_stubs.obj
 0001:00010217       ___scrt_stub_for_acrt_uninitialize 10011217 f   MSVCRT:ucrt_stubs.obj
 0001:0001021a       ___scrt_stub_for_acrt_uninitialize_critical 1001121a f   MSVCRT:ucrt_stubs.obj
 0001:0001021a       ___acrt_uninitialize_critical 1001121a f   MSVCRT:ucrt_stubs.obj
 0001:0001021a       ___vcrt_uninitialize_critical 1001121a f   MSVCRT:ucrt_stubs.obj
 0001:0001021d       ___scrt_stub_for_is_c_termination_complete 1001121d f   MSVCRT:ucrt_stubs.obj
 0001:0001021d       __is_c_termination_complete 1001121d f   MSVCRT:ucrt_stubs.obj
 0001:00010220       __alloca_probe             10011220 f   MSVCRT:chkstk.obj
 0001:00010220       __chkstk                   10011220 f   MSVCRT:chkstk.obj
 0001:0001024d       _memchr                    1001124d f   vcruntime:VCRUNTIME140.dll
 0001:00010253       _memcpy                    10011253 f   vcruntime:VCRUNTIME140.dll
 0002:00000000       __imp__ReadFile@20         10012000     kernel32:KERNEL32.dll
 0002:00000004       __imp__WriteFile@20        10012004     kernel32:KERNEL32.dll
 0002:00000008       __imp__SetFilePointer@16   10012008     kernel32:KERNEL32.dll
 0002:0000000c       __imp__CreateFileW@28      1001200c     kernel32:KERNEL32.dll
 0002:00000010       __imp__GetLastError@0      10012010     kernel32:KERNEL32.dll
 0002:00000014       __imp__CreateFileA@28      10012014     kernel32:KERNEL32.dll
 0002:00000018       __imp__CloseHandle@4       10012018     kernel32:KERNEL32.dll
 0002:0000001c       __imp__GetCurrentProcessId@0 1001201c     kernel32:KERNEL32.dll
 0002:00000020       __imp__GetCurrentThreadId@0 10012020     kernel32:KERNEL32.dll
 0002:00000024       __imp__GetSystemTimeAsFileTime@4 10012024     kernel32:KERNEL32.dll
 0002:00000028       __imp__DisableThreadLibraryCalls@4 10012028     kernel32:KERNEL32.dll
 0002:0000002c       __imp__InitializeSListHead@4 1001202c     kernel32:KERNEL32.dll
 0002:00000030       __imp__TerminateProcess@8  10012030     kernel32:KERNEL32.dll
 0002:00000034       __imp__GetCurrentProcess@0 10012034     kernel32:KERNEL32.dll
 0002:00000038       __imp__GetModuleHandleW@4  10012038     kernel32:KERNEL32.dll
 0002:0000003c       __imp__IsProcessorFeaturePresent@4 1001203c     kernel32:KERNEL32.dll
 0002:00000040       __imp__GetStartupInfoW@4   10012040     kernel32:KERNEL32.dll
 0002:00000044       __imp__SetUnhandledExceptionFilter@4 10012044     kernel32:KERNEL32.dll
 0002:00000048       __imp__UnhandledExceptionFilter@4 10012048     kernel32:KERNEL32.dll
 0002:0000004c       __imp__IsDebuggerPresent@0 1001204c     kernel32:KERNEL32.dll
 0002:00000050       __imp__QueryPerformanceCounter@4 10012050     kernel32:KERNEL32.dll
 0002:00000054       \177KERNEL32_NULL_THUNK_DATA 10012054     kernel32:KERNEL32.dll
 0002:00000058       __imp____std_type_info_destroy_list 10012058     vcruntime:VCRUNTIME140.dll
 0002:0000005c       __imp__memset              1001205c     vcruntime:VCRUNTIME140.dll
 0002:00000060       __imp___except_handler4_common 10012060     vcruntime:VCRUNTIME140.dll
 0002:00000064       __imp__memchr              10012064     vcruntime:VCRUNTIME140.dll
 0002:00000068       __imp__memcpy              10012068     vcruntime:VCRUNTIME140.dll
 0002:0000006c       \177VCRUNTIME140_NULL_THUNK_DATA 1001206c     vcruntime:VCRUNTIME140.dll
 0002:00000070       __imp__free                10012070     ucrt:api-ms-win-crt-heap-l1-1-0.dll
 0002:00000074       __imp__malloc              10012074     ucrt:api-ms-win-crt-heap-l1-1-0.dll
 0002:00000078       \177api-ms-win-crt-heap-l1-1-0_NULL_THUNK_DATA 10012078     ucrt:api-ms-win-crt-heap-l1-1-0.dll
 0002:0000007c       __imp___seh_filter_dll     1001207c     ucrt:api-ms-win-crt-runtime-l1-1-0.dll
 0002:00000080       __imp___configure_narrow_argv 10012080     ucrt:api-ms-win-crt-runtime-l1-1-0.dll
 0002:00000084       __imp___initterm_e         10012084     ucrt:api-ms-win-crt-runtime-l1-1-0.dll
 0002:00000088       __imp___initterm           10012088     ucrt:api-ms-win-crt-runtime-l1-1-0.dll
 0002:0000008c       __imp___register_onexit_function 1001208c     ucrt:api-ms-win-crt-runtime-l1-1-0.dll
 0002:00000090       __imp___execute_onexit_table 10012090     ucrt:api-ms-win-crt-runtime-l1-1-0.dll
 0002:00000094       __imp___crt_atexit         10012094     ucrt:api-ms-win-crt-runtime-l1-1-0.dll
 0002:00000098       __imp___crt_at_quick_exit  10012098     ucrt:api-ms-win-crt-runtime-l1-1-0.dll
 0002:0000009c       __imp___cexit              1001209c     ucrt:api-ms-win-crt-runtime-l1-1-0.dll
 0002:000000a0       __imp__terminate           100120a0     ucrt:api-ms-win-crt-runtime-l1-1-0.dll
 0002:000000a4       __imp___initialize_onexit_table 100120a4     ucrt:api-ms-win-crt-runtime-l1-1-0.dll
 0002:000000a8       __imp___errno              100120a8     ucrt:api-ms-win-crt-runtime-l1-1-0.dll
 0002:000000ac       __imp__strerror            100120ac     ucrt:api-ms-win-crt-runtime-l1-1-0.dll
 0002:000000b0       __imp___initialize_narrow_environment 100120b0     ucrt:api-ms-win-crt-runtime-l1-1-0.dll
 0002:000000b4       \177api-ms-win-crt-runtime-l1-1-0_NULL_THUNK_DATA 100120b4     ucrt:api-ms-win-crt-runtime-l1-1-0.dll
 0002:000000b8       __imp___close              100120b8     ucrt:api-ms-win-crt-stdio-l1-1-0.dll
 0002:000000b8       __imp__close               100120b8     ucrt:api-ms-win-crt-stdio-l1-1-0.dll
 0002:000000bc       __imp____stdio_common_vsprintf 100120bc     ucrt:api-ms-win-crt-stdio-l1-1-0.dll
 0002:000000c0       __imp___write              100120c0     ucrt:api-ms-win-crt-stdio-l1-1-0.dll
 0002:000000c0       __imp__write               100120c0     ucrt:api-ms-win-crt-stdio-l1-1-0.dll
 0002:000000c4       __imp___open               100120c4     ucrt:api-ms-win-crt-stdio-l1-1-0.dll
 0002:000000c4       __imp__open                100120c4     ucrt:api-ms-win-crt-stdio-l1-1-0.dll
 0002:000000c8       __imp___lseek              100120c8     ucrt:api-ms-win-crt-stdio-l1-1-0.dll
 0002:000000c8       __imp__lseek               100120c8     ucrt:api-ms-win-crt-stdio-l1-1-0.dll
 0002:000000cc       __imp___fseeki64           100120cc     ucrt:api-ms-win-crt-stdio-l1-1-0.dll
 0002:000000d0       __imp__fread               100120d0     ucrt:api-ms-win-crt-stdio-l1-1-0.dll
 0002:000000d4       __imp___ftelli64           100120d4     ucrt:api-ms-win-crt-stdio-l1-1-0.dll
 0002:000000d8       __imp__fwrite              100120d8     ucrt:api-ms-win-crt-stdio-l1-1-0.dll
 0002:000000dc       __imp__fseek               100120dc     ucrt:api-ms-win-crt-stdio-l1-1-0.dll
 0002:000000e0       __imp__fclose              100120e0     ucrt:api-ms-win-crt-stdio-l1-1-0.dll
 0002:000000e4       __imp__fopen               100120e4     ucrt:api-ms-win-crt-stdio-l1-1-0.dll
 0002:000000e8       __imp__ferror              100120e8     ucrt:api-ms-win-crt-stdio-l1-1-0.dll
 0002:000000ec       __imp__ftell               100120ec     ucrt:api-ms-win-crt-stdio-l1-1-0.dll
 0002:000000f0       __imp___read               100120f0     ucrt:api-ms-win-crt-stdio-l1-1-0.dll
 0002:000000f0       __imp__read                100120f0     ucrt:api-ms-win-crt-stdio-l1-1-0.dll
 0002:000000f4       \177api-ms-win-crt-stdio-l1-1-0_NULL_THUNK_DATA 100120f4     ucrt:api-ms-win-crt-stdio-l1-1-0.dll
 0002:000000f8       __imp___time64             100120f8     ucrt:api-ms-win-crt-time-l1-1-0.dll
 0002:000000fc       \177api-ms-win-crt-time-l1-1-0_NULL_THUNK_DATA 100120fc     ucrt:api-ms-win-crt-time-l1-1-0.dll
 0002:00000100       __imp__srand               10012100     ucrt:api-ms-win-crt-utility-l1-1-0.dll
 0002:00000104       __imp__rand                10012104     ucrt:api-ms-win-crt-utility-l1-1-0.dll
 0002:00000108       \177api-ms-win-crt-utility-l1-1-0_NULL_THUNK_DATA 10012108     ucrt:api-ms-win-crt-utility-l1-1-0.dll
 0002:0000010c       ___guard_check_icall_fptr  1001210c     MSVCRT:guard_support.obj
 0002:00000110       ___xc_a                    10012110     MSVCRT:initializers.obj
 0002:00000114       ___xc_z                    10012114     MSVCRT:initializers.obj
 0002:00000118       ___xi_a                    10012118     MSVCRT:initializers.obj
 0002:0000011c       ___xi_z                    1001211c     MSVCRT:initializers.obj
 0002:00000120       ___xp_a                    10012120     MSVCRT:initializers.obj
 0002:00000124       ___xp_z                    10012124     MSVCRT:initializers.obj
 0002:00000128       ___xt_a                    10012128     MSVCRT:initializers.obj
 0002:0000012c       ___xt_z                    1001212c     MSVCRT:initializers.obj
 0002:00000130       __pRawDllMain              10012130     MSVCRT:dll_dllmain.obj
 0002:00000130       __pDefaultRawDllMain       10012130     MSVCRT:dll_dllmain.obj
 0002:0000013c       ??_C@_05DFCKICEH@1?42?45@  1001213c     compress.obj
 0002:00003418       __length_code              10015418     trees.obj
 0002:00003518       __dist_code                10015518     trees.obj
 0002:00003e58       _unz_copyright             10015e58     unzip.obj
 0002:00003eac       _z_errmsg                  10015eac     zutil.obj
 0002:00003ed4       ??_C@_07EBNKNFJN@?$DMfd?3?$CFd?$DO@ 10015ed4     gzlib.obj
 0002:00003edc       ??_C@_00CNPNBAHC@@         10015edc     gzlib.obj
 0002:00003ee0       ??_C@_0O@BNNCBLEN@out?5of?5memory@ 10015ee0     gzlib.obj
 0002:00003ef0       ??_C@_02LMMGGCAJ@?3?5@     10015ef0     gzlib.obj
 0002:00003ef4       ??_C@_0BL@IHKGDAEE@unknown?5compression?5method@ 10015ef4     gzread.obj
 0002:00003f10       ??_C@_0BJ@BLBBCOMO@unknown?5header?5flags?5set@ 10015f10     gzread.obj
 0002:00003f2c       ??_C@_0BH@CFIIDOJD@unexpected?5end?5of?5file@ 10015f2c     gzread.obj
 0002:00003f44       ??_C@_0CH@CPOLIEKA@internal?5error?3?5inflate?5stream?5@ 10015f44     gzread.obj
 0002:00003f6c       ??_C@_0BG@HCKBMIHF@compressed?5data?5error@ 10015f6c     gzread.obj
 0002:00003f84       ??_C@_0BF@MEIGEHBE@incorrect?5data?5check@ 10015f84     gzread.obj
 0002:00003f9c       ??_C@_0BH@FGKKJGOC@incorrect?5length?5check@ 10015f9c     gzread.obj
 0002:00003fb4       ??_C@_0CF@MLPJFDMM@requested?5length?5does?5not?5fit?5i@ 10015fb4     gzread.obj
 0002:00003fdc       ??_C@_0BP@IIKIGMCC@out?5of?5room?5to?5push?5characters@ 10015fdc     gzread.obj
 0002:00003ffc       ??_C@_0CH@DEEGAHIB@internal?5error?3?5deflate?5stream?5@ 10015ffc     gzwrite.obj
 0002:00004024       ??_C@_0BD@PJCBIDD@invalid?5block?5type@ 10016024     infback.obj
 0002:00004038       ??_C@_0BN@LGAADGOK@invalid?5stored?5block?5lengths@ 10016038     infback.obj
 0002:00004058       ??_C@_0CE@GMIGFPBB@too?5many?5length?5or?5distance?5sym@ 10016058     infback.obj
 0002:0000407c       ??_C@_0BJ@HDEPPGOH@invalid?5code?5lengths?5set@ 1001607c     infback.obj
 0002:00004098       ??_C@_0BK@BMMPFBBH@invalid?5bit?5length?5repeat@ 10016098     infback.obj
 0002:000040b4       ??_C@_0CF@DGDMADCD@invalid?5code?5?9?9?5missing?5end?9of?9@ 100160b4     infback.obj
 0002:000040dc       ??_C@_0BM@IIMGAINC@invalid?5literal?1lengths?5set@ 100160dc     infback.obj
 0002:000040f8       ??_C@_0BG@GMDFCBGP@invalid?5distances?5set@ 100160f8     infback.obj
 0002:00004110       ??_C@_0BM@FFFLPBBC@invalid?5literal?1length?5code@ 10016110     infback.obj
 0002:0000412c       ??_C@_0BG@LBKINIKP@invalid?5distance?5code@ 1001612c     infback.obj
 0002:00004144       ??_C@_0BO@ECPMAOGG@invalid?5distance?5too?5far?5back@ 10016144     infback.obj
 0002:00004164       ??_C@_0BH@LIBMMIGA@incorrect?5header?5check@ 10016164     inflate.obj
 0002:0000417c       ??_C@_0BE@EMOGCLGO@invalid?5window?5size@ 1001617c     inflate.obj
 0002:00004190       ??_C@_0BE@GONKLEPM@header?5crc?5mismatch@ 10016190     inflate.obj
 0002:000041a4       ??_C@_02JDPG@rb@           100161a4     ioapi.obj
 0002:000041a8       ??_C@_03HMFOOINA@r?$CLb@   100161a8     ioapi.obj
 0002:000041ac       ??_C@_02GMLFBBN@wb@        100161ac     ioapi.obj
 0002:000041b0       ??_C@_01JOAMLHOP@?9@       100161b0     zip.obj
 0002:000041b4       ??_C@_0BA@MOKMMFOD@need?5dictionary@ 100161b4     zutil.obj
 0002:000041c4       ??_C@_0L@FNAOCBOG@stream?5end@ 100161c4     zutil.obj
 0002:000041d0       ??_C@_0L@KIJFAKBJ@file?5error@ 100161d0     zutil.obj
 0002:000041dc       ??_C@_0N@MKKNPMJD@stream?5error@ 100161dc     zutil.obj
 0002:000041ec       ??_C@_0L@HAHMBNLP@data?5error@ 100161ec     zutil.obj
 0002:000041f8       ??_C@_0BE@OGGJBMCE@insufficient?5memory@ 100161f8     zutil.obj
 0002:0000420c       ??_C@_0N@DFPGLBGC@buffer?5error@ 1001620c     zutil.obj
 0002:0000421c       ??_C@_0BF@CJFPCCEG@incompatible?5version@ 1001621c     zutil.obj
 0002:000042b0       __load_config_used         100162b0     MSVCRT:loadcfg.obj
 0002:00004350       ___safe_se_handler_table   10016350     <linker-defined>
 0002:00004620       ___rtc_iaa                 10016620     MSVCRT:_initsect_.obj
 0002:00004624       ___rtc_izz                 10016624     MSVCRT:_initsect_.obj
 0002:00004628       ___rtc_taa                 10016628     MSVCRT:_initsect_.obj
 0002:0000462c       ___rtc_tzz                 1001662c     MSVCRT:_initsect_.obj
 0002:00005250       __IMPORT_DESCRIPTOR_KERNEL32 10017250     kernel32:KERNEL32.dll
 0002:00005264       __IMPORT_DESCRIPTOR_VCRUNTIME140 10017264     vcruntime:VCRUNTIME140.dll
 0002:00005278       __IMPORT_DESCRIPTOR_api-ms-win-crt-stdio-l1-1-0 10017278     ucrt:api-ms-win-crt-stdio-l1-1-0.dll
 0002:0000528c       __IMPORT_DESCRIPTOR_api-ms-win-crt-heap-l1-1-0 1001728c     ucrt:api-ms-win-crt-heap-l1-1-0.dll
 0002:000052a0       __IMPORT_DESCRIPTOR_api-ms-win-crt-runtime-l1-1-0 100172a0     ucrt:api-ms-win-crt-runtime-l1-1-0.dll
 0002:000052b4       __IMPORT_DESCRIPTOR_api-ms-win-crt-utility-l1-1-0 100172b4     ucrt:api-ms-win-crt-utility-l1-1-0.dll
 0002:000052c8       __IMPORT_DESCRIPTOR_api-ms-win-crt-time-l1-1-0 100172c8     ucrt:api-ms-win-crt-time-l1-1-0.dll
 0002:000052dc       __NULL_IMPORT_DESCRIPTOR   100172dc     kernel32:KERNEL32.dll
 0003:00000000       ___scrt_native_dllmain_reason 10018000     MSVCRT:utility.obj
 0003:00000010       ___security_cookie_complement 10018010     MSVCRT:gs_cookie.obj
 0003:00000014       ___security_cookie         10018014     MSVCRT:gs_cookie.obj
 0003:00000018       ___isa_enabled             10018018     MSVCRT:_cpu_disp_.obj
 0003:0000001c       ___scrt_ucrt_dll_is_in_use 1001801c     MSVCRT:ucrt_stubs.obj
 0003:00000068       ?__type_info_root_node@@3U__type_info_node@@A 10018068     MSVCRT:tncleanup.obj
 0003:00000070       ?_OptionsStorage@?1??__local_stdio_printf_options@@9@4_KA 10018070     MSVCRT:default_local_stdio_options.obj
 0003:00000078       ?_OptionsStorage@?1??__local_stdio_scanf_options@@9@4_KA 10018078     MSVCRT:default_local_stdio_options.obj
 0003:00000080       ___scrt_current_native_startup_state 10018080     MSVCRT:utility.obj
 0003:00000084       ___scrt_native_startup_lock 10018084     MSVCRT:utility.obj
 0003:000000a4       ___scrt_debugger_hook_flag 100180a4     MSVCRT:utility_desktop.obj
 0003:000000a8       ___isa_available           100180a8     MSVCRT:_cpu_disp_.obj
 0003:000000ac       ___favor                   100180ac     MSVCRT:_cpu_disp_.obj
 0003:000003d0       ___dyn_tls_init_callback   100183d0     <common>
 0003:000003d8       ?_OptionsStorage@?1??__local_stdio_printf_options@@9@9 100183d8     <common>
 0003:000003e0       ?_OptionsStorage@?1??__local_stdio_scanf_options@@9@9 100183e0     <common>

 entry point at        0001:0000f404

 Static symbols

 0000:fffe5000       .debug$S                   10000000     kernel32:KERNEL32.dll
 0000:fffe5000       .debug$S                   10000000     vcruntime:VCRUNTIME140.dll
 0000:fffe5000       .debug$S                   10000000     vcruntime:VCRUNTIME140.dll
 0000:fffe5000       .debug$S                   10000000     ucrt:api-ms-win-crt-runtime-l1-1-0.dll
 0000:fffe5000       .debug$S                   10000000     kernel32:KERNEL32.dll
 0000:fffe5000       .debug$S                   10000000     ucrt:api-ms-win-crt-runtime-l1-1-0.dll
 0000:fffe5000       .debug$S                   10000000     ucrt:api-ms-win-crt-runtime-l1-1-0.dll
 0000:fffe5000       .debug$S                   10000000     ucrt:api-ms-win-crt-runtime-l1-1-0.dll
 0000:fffe5000       .debug$S                   10000000     ucrt:api-ms-win-crt-runtime-l1-1-0.dll
 0000:fffe5000       .debug$S                   10000000     ucrt:api-ms-win-crt-stdio-l1-1-0.dll
 0000:fffe5000       .debug$S                   10000000     ucrt:api-ms-win-crt-stdio-l1-1-0.dll
 0000:fffe5000       .debug$S                   10000000     ucrt:api-ms-win-crt-stdio-l1-1-0.dll
 0000:fffe5000       .debug$S                   10000000     ucrt:api-ms-win-crt-stdio-l1-1-0.dll
 0000:fffe5000       .debug$S                   10000000     ucrt:api-ms-win-crt-stdio-l1-1-0.dll
 0000:fffe5000       .debug$S                   10000000     ucrt:api-ms-win-crt-runtime-l1-1-0.dll
 0000:fffe5000       .debug$S                   10000000     ucrt:api-ms-win-crt-runtime-l1-1-0.dll
 0000:fffe5000       .debug$S                   10000000     ucrt:api-ms-win-crt-runtime-l1-1-0.dll
 0000:fffe5000       .debug$S                   10000000     ucrt:api-ms-win-crt-runtime-l1-1-0.dll
 0000:fffe5000       .debug$S                   10000000     ucrt:api-ms-win-crt-runtime-l1-1-0.dll
 0000:fffe5000       .debug$S                   10000000     kernel32:KERNEL32.dll
 0000:fffe5000       .debug$S                   10000000     kernel32:KERNEL32.dll
 0000:fffe5000       .debug$S                   10000000     kernel32:KERNEL32.dll
 0000:fffe5000       .debug$S                   10000000     kernel32:KERNEL32.dll
 0000:fffe5000       .debug$S                   10000000     kernel32:KERNEL32.dll
 0000:fffe5000       .debug$S                   10000000     kernel32:KERNEL32.dll
 0000:fffe5000       .debug$S                   10000000     kernel32:KERNEL32.dll
 0000:fffe5000       .debug$S                   10000000     kernel32:KERNEL32.dll
 0000:fffe5000       .debug$S                   10000000     kernel32:KERNEL32.dll
 0000:fffe5000       .debug$S                   10000000     kernel32:KERNEL32.dll
 0000:fffe5000       .debug$S                   10000000     kernel32:KERNEL32.dll
 0000:fffe5000       .debug$S                   10000000     kernel32:KERNEL32.dll
 0000:fffe5000       .debug$S                   10000000     kernel32:KERNEL32.dll
 0000:fffe5000       .debug$S                   10000000     kernel32:KERNEL32.dll
 0000:fffe5000       .debug$S                   10000000     zlibwapi.exp
 0000:fffe5000       .debug$S                   10000000     ucrt:api-ms-win-crt-runtime-l1-1-0.dll
 0000:fffe5000       .debug$S                   10000000     ucrt:api-ms-win-crt-time-l1-1-0.dll
 0000:fffe5000       .debug$S                   10000000     kernel32:KERNEL32.dll
 0000:fffe5000       .debug$S                   10000000     kernel32:KERNEL32.dll
 0000:fffe5000       .debug$S                   10000000     kernel32:KERNEL32.dll
 0000:fffe5000       .debug$S                   10000000     ucrt:api-ms-win-crt-utility-l1-1-0.dll
 0000:fffe5000       .debug$S                   10000000     ucrt:api-ms-win-crt-utility-l1-1-0.dll
 0000:fffe5000       .debug$S                   10000000     ucrt:api-ms-win-crt-stdio-l1-1-0.dll
 0000:fffe5000       .debug$S                   10000000     ucrt:api-ms-win-crt-stdio-l1-1-0.dll
 0000:fffe5000       .debug$S                   10000000     ucrt:api-ms-win-crt-stdio-l1-1-0.dll
 0000:fffe5000       .debug$S                   10000000     ucrt:api-ms-win-crt-stdio-l1-1-0.dll
 0000:fffe5000       .debug$S                   10000000     ucrt:api-ms-win-crt-stdio-l1-1-0.dll
 0000:fffe5000       .debug$S                   10000000     ucrt:api-ms-win-crt-stdio-l1-1-0.dll
 0000:fffe5000       .debug$S                   10000000     ucrt:api-ms-win-crt-stdio-l1-1-0.dll
 0000:fffe5000       .debug$S                   10000000     ucrt:api-ms-win-crt-stdio-l1-1-0.dll
 0000:fffe5000       .debug$S                   10000000     ucrt:api-ms-win-crt-stdio-l1-1-0.dll
 0000:fffe5000       .debug$S                   10000000     ucrt:api-ms-win-crt-runtime-l1-1-0.dll
 0000:fffe5000       .debug$S                   10000000     ucrt:api-ms-win-crt-runtime-l1-1-0.dll
 0000:fffe5000       .debug$S                   10000000     ucrt:api-ms-win-crt-heap-l1-1-0.dll
 0000:fffe5000       .debug$S                   10000000     ucrt:api-ms-win-crt-heap-l1-1-0.dll
 0000:fffe5000       .debug$S                   10000000     ucrt:api-ms-win-crt-stdio-l1-1-0.dll
 0000:fffe5000       .debug$S                   10000000     vcruntime:VCRUNTIME140.dll
 0000:fffe5000       .debug$S                   10000000     vcruntime:VCRUNTIME140.dll
 0000:fffe5000       .debug$S                   10000000     vcruntime:VCRUNTIME140.dll
 0002:fffee000       __guard_fids___guard_icall_checks_enforced 10000000     MSVCRT:guard_support.obj
 0002:fffee000       __guard_fids__             10000000     MSVCRT:guard_support.obj
 0002:fffee000       __guard_fids___except_handler4 10000000     MSVCRT:_chandler4gs_.obj
 0002:fffee000       __guard_fids____scrt_set_unhandled_exception_filter 10000000     MSVCRT:utility_desktop.obj
 0000:fffe5000       .debug$S                   10000000     ucrt:api-ms-win-crt-runtime-l1-1-0.dll
 0002:fffee000       __guard_fids_?dllmain_dispatch@@YAHQAUHINSTANCE__@@KQAX@Z 10000000     MSVCRT:dll_dllmain.obj
 0000:fffe5000       .debug$S                   10000000     kernel32:KERNEL32.dll
 0000:fffe5000       .debug$S                   10000000     kernel32:KERNEL32.dll
 0001:00000280       _adler32_combine_          10001280 f   adler32.obj
 0001:00000480       _crc32_little              10001480 f   crc32.obj
 0001:00000710       _crc32_big                 10001710 f   crc32.obj
 0001:000009f0       _gf2_matrix_times          100019f0 f   crc32.obj
 0001:00000a10       _gf2_matrix_square         10001a10 f   crc32.obj
 0001:00000a50       _crc32_combine_            10001a50 f   crc32.obj
 0001:000011f0       _putShortMSB               100021f0 f   deflate.obj
 0001:00001220       _flush_pending             10002220 f   deflate.obj
 0001:00001d30       _read_buf                  10002d30 f   deflate.obj
 0001:00001da0       _lm_init                   10002da0 f   deflate.obj
 0001:00001e40       _longest_match             10002e40 f   deflate.obj
 0001:00001fd0       _fill_window               10002fd0 f   deflate.obj
 0001:00002160       _deflate_stored            10003160 f   deflate.obj
 0001:000022c0       _deflate_fast              100032c0 f   deflate.obj
 0001:00002590       _deflate_slow              10003590 f   deflate.obj
 0001:00002950       _deflate_rle               10003950 f   deflate.obj
 0001:00002ba0       _deflate_huff              10003ba0 f   deflate.obj
 0001:00002da0       _gz_reset                  10003da0 f   gzlib.obj
 0001:00002df0       _gz_open                   10003df0 f   gzlib.obj
 0001:00002fb0       $LN44                      10003fb0     gzlib.obj
 0001:00002fd4       $LN40                      10003fd4     gzlib.obj
 0001:000034f0       _gz_load                   100044f0 f   gzread.obj
 0001:00003580       _gz_avail                  10004580 f   gzread.obj
 0001:000035c0       _gz_next4                  100045c0 f   gzread.obj
 0001:000036a0       _gz_head                   100046a0 f   gzread.obj
 0001:00003af0       _gz_decomp                 10004af0 f   gzread.obj
 0001:00003c80       _gz_make                   10004c80 f   gzread.obj
 0001:00003d00       _gz_skip                   10004d00 f   gzread.obj
 0001:000041e0       _gz_init                   100051e0 f   gzwrite.obj
 0001:000042c0       _gz_comp                   100052c0 f   gzwrite.obj
 0001:000043c0       _gz_zero                   100053c0 f   gzwrite.obj
 0001:000049a0       _fixedtables               100059a0 f   infback.obj
 0001:00005784       $LN515                     10006784     infback.obj
 0001:000057a0       $LN496                     100067a0     infback.obj
 0001:000057b4       $LN516                     100067b4     infback.obj
 0001:00005ef0       _fixedtables               10006ef0 f   inflate.obj
 0001:00005f10       _updatewindow              10006f10 f   inflate.obj
 0001:000076b4       $LN1001                    100086b4     inflate.obj
 0001:00007730       $LN1002                    10008730     inflate.obj
 0001:000078b0       _syncsearch                100088b0 f   inflate.obj
 0001:000081c0       _fopen_file_func           100091c0 f   ioapi.obj
 0001:00008210       _fopen64_file_func         10009210 f   ioapi.obj
 0001:00008260       _fread_file_func           10009260 f   ioapi.obj
 0001:00008280       _fwrite_file_func          10009280 f   ioapi.obj
 0001:000082a0       _ftell_file_func           100092a0 f   ioapi.obj
 0001:000082c0       _ftell64_file_func         100092c0 f   ioapi.obj
 0001:000082e0       _fseek_file_func           100092e0 f   ioapi.obj
 0001:00008330       _fseek64_file_func         10009330 f   ioapi.obj
 0001:00008380       _fclose_file_func          10009380 f   ioapi.obj
 0001:000083a0       _ferror_file_func          100093a0 f   ioapi.obj
 0001:00008400       _win32_translate_open_mode 10009400 f   iowin32.obj
 0001:00008470       _win32_build_iowin         10009470 f   iowin32.obj
 0001:000089c0       _tr_static_init            100099c0 f   trees.obj
 0001:00008a30       _init_block                10009a30 f   trees.obj
 0001:00008ac0       _pqdownheap                10009ac0 f   trees.obj
 0001:00008ba0       _gen_bitlen                10009ba0 f   trees.obj
 0001:00008db0       _gen_codes                 10009db0 f   trees.obj
 0001:00008e20       _build_tree                10009e20 f   trees.obj
 0001:00009050       _scan_tree                 1000a050 f   trees.obj
 0001:00009150       _send_tree                 1000a150 f   trees.obj
 0001:00009690       _build_bl_tree             1000a690 f   trees.obj
 0001:00009770       _send_all_trees            1000a770 f   trees.obj
 0001:00009e10       _compress_block            1000ae10 f   trees.obj
 0001:0000a250       _detect_data_type          1000b250 f   trees.obj
 0001:0000a2c0       _bi_reverse                1000b2c0 f   trees.obj
 0001:0000a2e0       _bi_flush                  1000b2e0 f   trees.obj
 0001:0000a360       _bi_windup                 1000b360 f   trees.obj
 0001:0000a3c0       _copy_block                1000b3c0 f   trees.obj
 0001:0000a500       _unz64local_getByte        1000b500 f   unzip.obj
 0001:0000a550       _unz64local_getShort       1000b550 f   unzip.obj
 0001:0000a5c0       _unz64local_getLong        1000b5c0 f   unzip.obj
 0001:0000a670       _unz64local_getLong64      1000b670 f   unzip.obj
 0001:0000a7e0       _strcmpcasenosensitive_internal 1000b7e0 f   unzip.obj
 0001:0000a8c0       _unz64local_SearchCentralDir 1000b8c0 f   unzip.obj
 0001:0000aa60       _unz64local_SearchCentralDir64 1000ba60 f   unzip.obj
 0001:0000ace0       _unzOpenInternal           1000bce0 f   unzip.obj
 0001:0000b290       _unz64local_DosDateToTmuDate 1000c290 f   unzip.obj
 0001:0000b300       _unz64local_GetCurrentFileInfoInternal 1000c300 f   unzip.obj
 0001:0000bdc0       _unz64local_CheckCurrentFileCoherencyHeader 1000cdc0 f   unzip.obj
 0001:0000c8b0       _time                      1000d8b0 f   zip.obj
 0001:0000c8c0       _decrypt_byte              1000d8c0 f   zip.obj
 0001:0000c8e0       _update_keys               1000d8e0 f   zip.obj
 0001:0000c940       _init_keys                 1000d940 f   zip.obj
 0001:0000c990       _crypthead                 1000d990 f   zip.obj
 0001:0000cad0       _allocate_new_datablock    1000dad0 f   zip.obj
 0001:0000cb00       _free_datablock            1000db00 f   zip.obj
 0001:0000cb30       _init_linkedlist           1000db30 f   zip.obj
 0001:0000cb40       _free_linkedlist           1000db40 f   zip.obj
 0001:0000cb60       _add_data_in_datablock     1000db60 f   zip.obj
 0001:0000cc20       _zip64local_putValue       1000dc20 f   zip.obj
 0001:0000cca0       _zip64local_putValue_inmemory 1000dca0 f   zip.obj
 0001:0000cce0       _zip64local_TmzDateToDosDate 1000dce0 f   zip.obj
 0001:0000cd30       _zip64local_getByte        1000dd30 f   zip.obj
 0001:0000cd80       _zip64local_getShort       1000dd80 f   zip.obj
 0001:0000cdf0       _zip64local_getLong        1000ddf0 f   zip.obj
 0001:0000cea0       _zip64local_getLong64      1000dea0 f   zip.obj
 0001:0000d020       _zip64local_SearchCentralDir 1000e020 f   zip.obj
 0001:0000d1c0       _zip64local_SearchCentralDir64 1000e1c0 f   zip.obj
 0001:0000e470       _zip64FlushWriteBuffer     1000f470 f   zip.obj
 0001:0000f0db       ?dllmain_crt_dispatch@@YGHQAUHINSTANCE__@@KQAX@Z 100100db f   MSVCRT:dll_dllmain.obj
 0001:0000f12e       ?dllmain_crt_process_attach@@YAHQAUHINSTANCE__@@QAX@Z 1001012e f   MSVCRT:dll_dllmain.obj
 0001:0000f238       ?dllmain_crt_process_detach@@YAH_N@Z 10010238 f   MSVCRT:dll_dllmain.obj
 0001:0000f2ca       ?dllmain_dispatch@@YAHQAUHINSTANCE__@@KQAX@Z 100102ca f   MSVCRT:dll_dllmain.obj
 0001:0000f3d0       ?dllmain_raw@@YGHQAUHINSTANCE__@@KQAX@Z 100103d0 f   MSVCRT:dll_dllmain.obj
 0001:0000f427       ___get_entropy             10010427 f   MSVCRT:gs_support.obj
 0001:0000f567       ?find_pe_section@@YAPAU_IMAGE_SECTION_HEADER@@QAEI@Z 10010567 f   MSVCRT:utility.obj
 0001:0000f5b0       ?is_potentially_valid_image_base@@YA_NQAX@Z 100105b0 f   MSVCRT:utility.obj
 0001:0000fb70       $$000000                   10010b70     MSVCRT:_sehprolg4_.obj
 0001:00010220       $$000000                   10011220     MSVCRT:chkstk.obj
 0002:00000134       _GS_ExceptionPointers      10012134     MSVCRT:gs_report.obj
 0002:00000148       _crc_table                 10012148     crc32.obj
 0002:00002148       ?my_version@?1??deflateInit2_@@9@9 10014148     deflate.obj
 0002:00002150       _configuration_table       10014150     deflate.obj
 0002:000021c8       ?lenfix@?1??fixedtables@@9@9 100141c8     infback.obj
 0002:000029c8       ?distfix@?1??fixedtables@@9@9 100149c8     infback.obj
 0002:00002a48       ?order@?1??inflateBack@@9@9 10014a48     infback.obj
 0002:00002a70       ?lenfix@?1??fixedtables@@9@9 10014a70     inflate.obj
 0002:00003270       ?distfix@?1??fixedtables@@9@9 10015270     inflate.obj
 0002:000032f0       ?order@?1??inflate@@9@9    100152f0     inflate.obj
 0002:00003318       ?dext@?1??inflate_table@@9@9 10015318     inftrees.obj
 0002:00003358       ?lext@?1??inflate_table@@9@9 10015358     inftrees.obj
 0002:00003398       ?lbase@?1??inflate_table@@9@9 10015398     inftrees.obj
 0002:000033d8       ?dbase@?1??inflate_table@@9@9 100153d8     inftrees.obj
 0002:00003718       _static_dtree              10015718     trees.obj
 0002:00003790       _extra_blbits              10015790     trees.obj
 0002:000037e0       _extra_lbits               100157e0     trees.obj
 0002:00003858       _base_dist                 10015858     trees.obj
 0002:000038d0       _base_length               100158d0     trees.obj
 0002:00003948       _extra_dbits               10015948     trees.obj
 0002:000039c0       _static_ltree              100159c0     trees.obj
 0002:00003e40       _bl_order                  10015e40     trees.obj
 0002:00004630       __sehtable$?dllmain_crt_process_attach@@YAHQAUHINSTANCE__@@QAX@Z 10016630     MSVCRT:dll_dllmain.obj
 0002:00004650       __sehtable$?dllmain_crt_process_detach@@YAH_N@Z 10016650     MSVCRT:dll_dllmain.obj
 0002:00004670       __sehtable$?dllmain_dispatch@@YAHQAUHINSTANCE__@@KQAX@Z 10016670     MSVCRT:dll_dllmain.obj
 0002:00004690       __sehtable$___scrt_is_nonwritable_in_current_image 10016690     MSVCRT:utility.obj
 0002:000046b0       .edata                     100166b0     zlibwapi.exp
 0002:000046d8       rgpv                       100166d8     zlibwapi.exp
 0002:00004958       rgszName                   10016958     zlibwapi.exp
 0002:00004b20       rgwOrd                     10016b20     zlibwapi.exp
 0002:00004c04       szName                     10016c04     zlibwapi.exp
 0002:00004c11       $N00001                    10016c11     zlibwapi.exp
 0002:00004c19       $N00140                    10016c19     zlibwapi.exp
 0002:00004c29       $N00039                    10016c29     zlibwapi.exp
 0002:00004c33       $N00002                    10016c33     zlibwapi.exp
 0002:00004c3c       $N00046                    10016c3c     zlibwapi.exp
 0002:00004c4a       $N00003                    10016c4a     zlibwapi.exp
 0002:00004c50       $N00142                    10016c50     zlibwapi.exp
 0002:00004c5e       $N00004                    10016c5e     zlibwapi.exp
 0002:00004c66       $N00047                    10016c66     zlibwapi.exp
 0002:00004c73       $N00005                    10016c73     zlibwapi.exp
 0002:00004c7f       $N00006                    10016c7f     zlibwapi.exp
 0002:00004c8a       $N00007                    10016c8a     zlibwapi.exp
 0002:00004c98       $N00008                    10016c98     zlibwapi.exp
 0002:00004ca5       $N00009                    10016ca5     zlibwapi.exp
 0002:00004cb3       $N00051                    10016cb3     zlibwapi.exp
 0002:00004cc0       $N00010                    10016cc0     zlibwapi.exp
 0002:00004ccd       $N00011                    10016ccd     zlibwapi.exp
 0002:00004ce2       $N00144                    10016ce2     zlibwapi.exp
 0002:00004cf3       $N00145                    10016cf3     zlibwapi.exp
 0002:00004cff       $N00110                    10016cff     zlibwapi.exp
 0002:00004d13       $N00111                    10016d13     zlibwapi.exp
 0002:00004d29       $N00112                    10016d29     zlibwapi.exp
 0002:00004d40       $N00113                    10016d40     zlibwapi.exp
 0002:00004d57       $N00038                    10016d57     zlibwapi.exp
 0002:00004d65       $N00146                    10016d65     zlibwapi.exp
 0002:00004d6e       $N00048                    10016d6e     zlibwapi.exp
 0002:00004d79       $N00012                    10016d79     zlibwapi.exp
 0002:00004d81       $N00147                    10016d81     zlibwapi.exp
 0002:00004d8b       $N00148                    10016d8b     zlibwapi.exp
 0002:00004d95       $N00149                    10016d95     zlibwapi.exp
 0002:00004d9e       $N00013                    10016d9e     zlibwapi.exp
 0002:00004da6       $N00034                    10016da6     zlibwapi.exp
 0002:00004dac       $N00014                    10016dac     zlibwapi.exp
 0002:00004db4       $N00015                    10016db4     zlibwapi.exp
 0002:00004dbc       $N00030                    10016dbc     zlibwapi.exp
 0002:00004dc3       $N00041                    10016dc3     zlibwapi.exp
 0002:00004dca       $N00150                    10016dca     zlibwapi.exp
 0002:00004dd3       $N00016                    10016dd3     zlibwapi.exp
 0002:00004dda       $N00028                    10016dda     zlibwapi.exp
 0002:00004de3       $N00029                    10016de3     zlibwapi.exp
 0002:00004dea       $N00040                    10016dea     zlibwapi.exp
 0002:00004df1       $N00017                    10016df1     zlibwapi.exp
 0002:00004df8       $N00032                    10016df8     zlibwapi.exp
 0002:00004e01       $N00031                    10016e01     zlibwapi.exp
 0002:00004e08       $N00035                    10016e08     zlibwapi.exp
 0002:00004e14       $N00033                    10016e14     zlibwapi.exp
 0002:00004e1b       $N00049                    10016e1b     zlibwapi.exp
 0002:00004e24       $N00018                    10016e24     zlibwapi.exp
 0002:00004e2c       $N00019                    10016e2c     zlibwapi.exp
 0002:00004e34       $N00044                    10016e34     zlibwapi.exp
 0002:00004e40       $N00045                    10016e40     zlibwapi.exp
 0002:00004e4f       $N00043                    10016e4f     zlibwapi.exp
 0002:00004e60       $N00042                    10016e60     zlibwapi.exp
 0002:00004e6c       $N00020                    10016e6c     zlibwapi.exp
 0002:00004e77       $N00156                    10016e77     zlibwapi.exp
 0002:00004e88       $N00021                    10016e88     zlibwapi.exp
 0002:00004e96       $N00022                    10016e96     zlibwapi.exp
 0002:00004ea3       $N00157                    10016ea3     zlibwapi.exp
 0002:00004eaf       $N00158                    10016eaf     zlibwapi.exp
 0002:00004ebc       $N00159                    10016ebc     zlibwapi.exp
 0002:00004eca       $N00023                    10016eca     zlibwapi.exp
 0002:00004ed7       $N00024                    10016ed7     zlibwapi.exp
 0002:00004eec       $N00025                    10016eec     zlibwapi.exp
 0002:00004ef8       $N00037                    10016ef8     zlibwapi.exp
 0002:00004f09       $N00160                    10016f09     zlibwapi.exp
 0002:00004f1a       $N00026                    10016f1a     zlibwapi.exp
 0002:00004f25       $N00062                    10016f25     zlibwapi.exp
 0002:00004f2e       $N00072                    10016f2e     zlibwapi.exp
 0002:00004f42       $N00124                    10016f42     zlibwapi.exp
 0002:00004f5a       $N00064                    10016f5a     zlibwapi.exp
 0002:00004f70       $N00125                    10016f70     zlibwapi.exp
 0002:00004f8e       $N00127                    10016f8e     zlibwapi.exp
 0002:00004f9e       $N00100                    10016f9e     zlibwapi.exp
 0002:00004fac       $N00073                    10016fac     zlibwapi.exp
 0002:00004fc0       $N00122                    10016fc0     zlibwapi.exp
 0002:00004fd3       $N00063                    10016fd3     zlibwapi.exp
 0002:00004fe4       $N00076                    10016fe4     zlibwapi.exp
 0002:00004ffa       $N00128                    10016ffa     zlibwapi.exp
 0002:0000500b       $N00101                    1001700b     zlibwapi.exp
 0002:0000501a       $N00065                    1001701a     zlibwapi.exp
 0002:0000502b       $N00066                    1001702b     zlibwapi.exp
 0002:0000503b       $N00075                    1001703b     zlibwapi.exp
 0002:00005049       $N00077                    10017049     zlibwapi.exp
 0002:00005052       $N00121                    10017052     zlibwapi.exp
 0002:0000505e       $N00120                    1001705e     zlibwapi.exp
 0002:00005068       $N00061                    10017068     zlibwapi.exp
 0002:00005070       $N00078                    10017070     zlibwapi.exp
 0002:00005084       $N00069                    10017084     zlibwapi.exp
 0002:00005098       $N00067                    10017098     zlibwapi.exp
 0002:000050ab       $N00079                    100170ab     zlibwapi.exp
 0002:000050c6       $N00068                    100170c6     zlibwapi.exp
 0002:000050d9       $N00074                    100170d9     zlibwapi.exp
 0002:000050f2       $N00071                    100170f2     zlibwapi.exp
 0002:000050f9       $N00126                    100170f9     zlibwapi.exp
 0002:00005103       $N00070                    10017103     zlibwapi.exp
 0002:0000510b       $N00036                    1001710b     zlibwapi.exp
 0002:00005112       $N00084                    10017112     zlibwapi.exp
 0002:0000511b       $N00083                    1001711b     zlibwapi.exp
 0002:0000512d       $N00136                    1001712d     zlibwapi.exp
 0002:00005144       $N00087                    10017144     zlibwapi.exp
 0002:00005159       $N00088                    10017159     zlibwapi.exp
 0002:00005162       $N00131                    10017162     zlibwapi.exp
 0002:0000516e       $N00130                    1001716e     zlibwapi.exp
 0002:00005178       $N00080                    10017178     zlibwapi.exp
 0002:00005180       $N00086                    10017180     zlibwapi.exp
 0002:00005195       $N00133                    10017195     zlibwapi.exp
 0002:000051ad       $N00089                    100171ad     zlibwapi.exp
 0002:000051c2       $N00134                    100171c2     zlibwapi.exp
 0002:000051da       $N00135                    100171da     zlibwapi.exp
 0002:000051f2       $N00132                    100171f2     zlibwapi.exp
 0002:00005208       $N00081                    10017208     zlibwapi.exp
 0002:0000521c       $N00082                    1001721c     zlibwapi.exp
 0002:00005230       $N00050                    10017230     zlibwapi.exp
 0002:00005241       $N00027                    10017241     zlibwapi.exp
 0002:00005460       .idata$6                   10017460     kernel32:KERNEL32.dll
 0002:000054b2       .idata$6                   100174b2     vcruntime:VCRUNTIME140.dll
 0002:00005696       .idata$6                   10017696     ucrt:api-ms-win-crt-stdio-l1-1-0.dll
 0002:000056b6       .idata$6                   100176b6     ucrt:api-ms-win-crt-heap-l1-1-0.dll
 0002:000056d6       .idata$6                   100176d6     ucrt:api-ms-win-crt-runtime-l1-1-0.dll
 0002:000056f8       .idata$6                   100176f8     ucrt:api-ms-win-crt-utility-l1-1-0.dll
 0002:0000571a       .idata$6                   1001771a     ucrt:api-ms-win-crt-time-l1-1-0.dll
 0003:00000020       _static_d_desc             10018020     trees.obj
 0003:00000034       _static_bl_desc            10018034     trees.obj
 0003:00000048       _static_l_desc             10018048     trees.obj
 0003:00000060       ?__proc_attached@@3HA      10018060     MSVCRT:dll_dllmain.obj
 0003:00000088       ?is_initialized_as_dll@@3_NA 10018088     MSVCRT:utility.obj
 0003:00000089       ?module_local_atexit_table_initialized@@3_NA 10018089     MSVCRT:utility.obj
 0003:0000008c       ?module_local_atexit_table@@3U_onexit_table_t@@A 1001808c     MSVCRT:utility.obj
 0003:00000098       ?module_local_at_quick_exit_table@@3U_onexit_table_t@@A 10018098     MSVCRT:utility.obj
 0003:000000b0       _GS_ExceptionRecord        100180b0     MSVCRT:gs_report.obj
 0003:00000100       _GS_ContextRecord          10018100     MSVCRT:gs_report.obj
 0003:000003cc       ?calls@?1??crypthead@@9@9  100183cc     zip.obj
 0004:00000060       $R000000                   10019060     zlib.res
